// Jest Snapshot v1, https://goo.gl/fbAQLP

exports[`App should match the snapshot 1`] = `
<div
  className="App"
>
  <h1
    className="tracker-title"
  >
    TRACKER
  </h1>
  <ConnectFunction />
  <ConnectFunction />
</div>
`;
